
> nextjs-shadcn@0.1.0 build
> ./build.sh

🚀 Starting Next.js build with error handling...
   ▲ Next.js 15.3.2
   - Experiments (use with caution):
     ✓ forceSwcTransforms

   Creating an optimized production build ...
 ✓ Compiled successfully in 5.0s
   Linting and checking validity of types ...

./src/app/layout.tsx
122:9  Warning: `rel="preconnect"` is missing from Google Font. See: https://nextjs.org/docs/messages/google-font-preconnect  @next/next/google-font-preconnect
133:9  Warning: Custom fonts not added in `pages/_document.js` will only load for a single page. This is discouraged. See: https://nextjs.org/docs/messages/no-page-custom-font  @next/next/no-page-custom-font
151:11  Warning: Custom fonts not added in `pages/_document.js` will only load for a single page. This is discouraged. See: https://nextjs.org/docs/messages/no-page-custom-font  @next/next/no-page-custom-font

info  - Need to disable some ESLint rules? Learn more here: https://nextjs.org/docs/app/api-reference/config/eslint#disabling-rules
   Collecting page data ...
unhandledRejection ReferenceError: self is not defined
    at Object.<anonymous> (.next/server/commons-f3956634.js:1:1) {
  type: 'ReferenceError'
}
📊 Build completed with exit code: 1
✅ Deployment ready - build artifacts generated successfully
